2026-06-29 20:02:43 | INFO     | kev_fetcher | Fetching KEV data from CISA: https://www.cisa.gov/sites/default/files/feeds/known_exploited_vulnerabilities.json
2026-06-29 20:02:43 | INFO     | kev_fetcher | Successfully parsed 1629 KEV vulnerabilities (1560 CWES cleaned)
2026-07-01 20:30:46 | INFO     | kev_fetcher | Fetching KEV data from CISA: https://www.cisa.gov/sites/default/files/feeds/known_exploited_vulnerabilities.json
2026-07-01 20:30:46 | INFO     | kev_fetcher | Successfully parsed 1630 KEV vulnerabilities (1561 CWES cleaned)
2026-07-01 23:32:31 | INFO     | kev_fetcher | Fetching KEV data from CISA: https://www.cisa.gov/sites/default/files/feeds/known_exploited_vulnerabilities.json
2026-07-01 23:32:32 | INFO     | kev_fetcher | Successfully parsed 1631 KEV vulnerabilities (1562 CWES cleaned)
2026-07-02 00:44:16 | INFO     | kev_fetcher | Fetching KEV data from CISA: https://www.cisa.gov/sites/default/files/feeds/known_exploited_vulnerabilities.json
2026-07-02 00:44:17 | INFO     | kev_fetcher | Successfully parsed 1631 KEV vulnerabilities (1562 CWES cleaned)
2026-07-02 00:48:43 | INFO     | kev_fetcher | Fetching KEV data from CISA: https://www.cisa.gov/sites/default/files/feeds/known_exploited_vulnerabilities.json
2026-07-02 01:15:37 | INFO     | kev_fetcher | Fetching KEV data from CISA: https://www.cisa.gov/sites/default/files/feeds/known_exploited_vulnerabilities.json
2026-07-02 01:15:37 | INFO     | kev_fetcher | Successfully parsed 1631 KEV vulnerabilities (1562 CWES cleaned)
2026-07-02 01:32:15 | INFO     | kev_fetcher | Fetching KEV data from CISA: https://www.cisa.gov/sites/default/files/feeds/known_exploited_vulnerabilities.json
2026-07-02 01:32:18 | INFO     | kev_fetcher | Successfully parsed 1631 KEV vulnerabilities (1562 CWES cleaned)
2026-07-02 19:49:13 | INFO     | kev_fetcher | Downloading KEV catalog from https://www.cisa.gov/sites/default/files/feeds/known_exploited_vulnerabilities.json ...
2026-07-02 19:49:13 | INFO     | kev_fetcher | Loaded 1631 KEV entries from CISA catalog.
2026-07-02 20:31:23 | INFO     | kev_fetcher | Downloading KEV catalog from https://www.cisa.gov/sites/default/files/feeds/known_exploited_vulnerabilities.json ...
2026-07-02 20:31:23 | INFO     | kev_fetcher | Loaded 1631 KEV entries from CISA catalog.
2026-07-02 22:10:42 | INFO     | kev_fetcher | Downloading KEV catalog from https://www.cisa.gov/sites/default/files/feeds/known_exploited_vulnerabilities.json ...
2026-07-02 22:10:42 | ERROR    | kev_fetcher | Failed to download KEV catalog: Cannot connect to host www.cisa.gov:443 ssl:default [Temporary failure in name resolution]
Traceback (most recent call last):
  File "/home/hama/PycharmProjects/VulnRadar/.venv/lib/python3.13/site-packages/aiohttp/connector.py", line 1571, in _create_direct_connection
    hosts = await self._resolve_host(host, port, traces=traces)
            ^^^^^^^^^^^^^^^^^^^^^^^^^^^^^^^^^^^^^^^^^^^^^^^^^^^
  File "/home/hama/PycharmProjects/VulnRadar/.venv/lib/python3.13/site-packages/aiohttp/connector.py", line 1181, in _resolve_host
    return await asyncio.shield(resolved_host_task)
           ^^^^^^^^^^^^^^^^^^^^^^^^^^^^^^^^^^^^^^^^
  File "/home/hama/PycharmProjects/VulnRadar/.venv/lib/python3.13/site-packages/aiohttp/connector.py", line 1212, in _resolve_host_with_throttle
    addrs = await self._resolver.resolve(host, port, family=self._family)
            ^^^^^^^^^^^^^^^^^^^^^^^^^^^^^^^^^^^^^^^^^^^^^^^^^^^^^^^^^^^^^
  File "/home/hama/PycharmProjects/VulnRadar/.venv/lib/python3.13/site-packages/aiohttp/resolver.py", line 40, in resolve
    infos = await self._loop.getaddrinfo(
            ^^^^^^^^^^^^^^^^^^^^^^^^^^^^^
    ...<5 lines>...
    )
    ^
  File "/usr/lib/python3.13/asyncio/base_events.py", line 939, in getaddrinfo
    return await self.run_in_executor(
           ^^^^^^^^^^^^^^^^^^^^^^^^^^^
        None, getaddr_func, host, port, family, type, proto, flags)
        ^^^^^^^^^^^^^^^^^^^^^^^^^^^^^^^^^^^^^^^^^^^^^^^^^^^^^^^^^^^
  File "/usr/lib/python3.13/concurrent/futures/thread.py", line 59, in run
    result = self.fn(*self.args, **self.kwargs)
  File "/usr/lib/python3.13/socket.py", line 981, in getaddrinfo
    for res in _socket.getaddrinfo(host, port, family, type, proto, flags):
               ~~~~~~~~~~~~~~~~~~~^^^^^^^^^^^^^^^^^^^^^^^^^^^^^^^^^^^^^^^^
socket.gaierror: [Errno -3] Temporary failure in name resolution

The above exception was the direct cause of the following exception:

Traceback (most recent call last):
  File "/home/hama/PycharmProjects/VulnRadar/src/fetchers/kev_fetcher_async.py", line 56, in get_kev_cves
    async with session.get(CISA_KEV_URL, headers=headers, timeout=60) as resp:
               ~~~~~~~~~~~^^^^^^^^^^^^^^^^^^^^^^^^^^^^^^^^^^^^^^^^^^^
  File "/home/hama/PycharmProjects/VulnRadar/.venv/lib/python3.13/site-packages/aiohttp/client.py", line 1683, in __aenter__
    self._resp: _RetType_co = await self._coro
                              ^^^^^^^^^^^^^^^^
  File "/home/hama/PycharmProjects/VulnRadar/.venv/lib/python3.13/site-packages/aiohttp/client.py", line 856, in _request
    resp = await handler(req)
           ^^^^^^^^^^^^^^^^^^
  File "/home/hama/PycharmProjects/VulnRadar/.venv/lib/python3.13/site-packages/aiohttp/client.py", line 810, in _connect_and_send_request
    conn = await self._connector.connect(
           ^^^^^^^^^^^^^^^^^^^^^^^^^^^^^^
        req, traces=traces, timeout=real_timeout
        ^^^^^^^^^^^^^^^^^^^^^^^^^^^^^^^^^^^^^^^^
    )
    ^
  File "/home/hama/PycharmProjects/VulnRadar/.venv/lib/python3.13/site-packages/aiohttp/connector.py", line 657, in connect
    proto = await self._create_connection(req, traces, timeout)
            ^^^^^^^^^^^^^^^^^^^^^^^^^^^^^^^^^^^^^^^^^^^^^^^^^^^
  File "/home/hama/PycharmProjects/VulnRadar/.venv/lib/python3.13/site-packages/aiohttp/connector.py", line 1242, in _create_connection
    _, proto = await self._create_direct_connection(req, traces, timeout)
               ^^^^^^^^^^^^^^^^^^^^^^^^^^^^^^^^^^^^^^^^^^^^^^^^^^^^^^^^^^
  File "/home/hama/PycharmProjects/VulnRadar/.venv/lib/python3.13/site-packages/aiohttp/connector.py", line 1577, in _create_direct_connection
    raise ClientConnectorDNSError(req.connection_key, exc) from exc
aiohttp.client_exceptions.ClientConnectorDNSError: Cannot connect to host www.cisa.gov:443 ssl:default [Temporary failure in name resolution]
2026-07-02 22:12:19 | INFO     | kev_fetcher | Downloading KEV catalog from https://www.cisa.gov/sites/default/files/feeds/known_exploited_vulnerabilities.json ...
2026-07-02 22:12:24 | ERROR    | kev_fetcher | Failed to download KEV catalog: Cannot connect to host www.cisa.gov:443 ssl:default [Temporary failure in name resolution]
Traceback (most recent call last):
  File "/home/hama/PycharmProjects/VulnRadar/.venv/lib/python3.13/site-packages/aiohttp/connector.py", line 1571, in _create_direct_connection
    hosts = await self._resolve_host(host, port, traces=traces)
            ^^^^^^^^^^^^^^^^^^^^^^^^^^^^^^^^^^^^^^^^^^^^^^^^^^^
  File "/home/hama/PycharmProjects/VulnRadar/.venv/lib/python3.13/site-packages/aiohttp/connector.py", line 1181, in _resolve_host
    return await asyncio.shield(resolved_host_task)
           ^^^^^^^^^^^^^^^^^^^^^^^^^^^^^^^^^^^^^^^^
  File "/home/hama/PycharmProjects/VulnRadar/.venv/lib/python3.13/site-packages/aiohttp/connector.py", line 1212, in _resolve_host_with_throttle
    addrs = await self._resolver.resolve(host, port, family=self._family)
            ^^^^^^^^^^^^^^^^^^^^^^^^^^^^^^^^^^^^^^^^^^^^^^^^^^^^^^^^^^^^^
  File "/home/hama/PycharmProjects/VulnRadar/.venv/lib/python3.13/site-packages/aiohttp/resolver.py", line 40, in resolve
    infos = await self._loop.getaddrinfo(
            ^^^^^^^^^^^^^^^^^^^^^^^^^^^^^
    ...<5 lines>...
    )
    ^
  File "/usr/lib/python3.13/asyncio/base_events.py", line 939, in getaddrinfo
    return await self.run_in_executor(
           ^^^^^^^^^^^^^^^^^^^^^^^^^^^
        None, getaddr_func, host, port, family, type, proto, flags)
        ^^^^^^^^^^^^^^^^^^^^^^^^^^^^^^^^^^^^^^^^^^^^^^^^^^^^^^^^^^^
  File "/usr/lib/python3.13/concurrent/futures/thread.py", line 59, in run
    result = self.fn(*self.args, **self.kwargs)
  File "/usr/lib/python3.13/socket.py", line 981, in getaddrinfo
    for res in _socket.getaddrinfo(host, port, family, type, proto, flags):
               ~~~~~~~~~~~~~~~~~~~^^^^^^^^^^^^^^^^^^^^^^^^^^^^^^^^^^^^^^^^
socket.gaierror: [Errno -3] Temporary failure in name resolution

The above exception was the direct cause of the following exception:

Traceback (most recent call last):
  File "/home/hama/PycharmProjects/VulnRadar/src/fetchers/kev_fetcher_async.py", line 56, in get_kev_cves
    async with session.get(CISA_KEV_URL, headers=headers, timeout=60) as resp:
               ~~~~~~~~~~~^^^^^^^^^^^^^^^^^^^^^^^^^^^^^^^^^^^^^^^^^^^
  File "/home/hama/PycharmProjects/VulnRadar/.venv/lib/python3.13/site-packages/aiohttp/client.py", line 1683, in __aenter__
    self._resp: _RetType_co = await self._coro
                              ^^^^^^^^^^^^^^^^
  File "/home/hama/PycharmProjects/VulnRadar/.venv/lib/python3.13/site-packages/aiohttp/client.py", line 856, in _request
    resp = await handler(req)
           ^^^^^^^^^^^^^^^^^^
  File "/home/hama/PycharmProjects/VulnRadar/.venv/lib/python3.13/site-packages/aiohttp/client.py", line 810, in _connect_and_send_request
    conn = await self._connector.connect(
           ^^^^^^^^^^^^^^^^^^^^^^^^^^^^^^
        req, traces=traces, timeout=real_timeout
        ^^^^^^^^^^^^^^^^^^^^^^^^^^^^^^^^^^^^^^^^
    )
    ^
  File "/home/hama/PycharmProjects/VulnRadar/.venv/lib/python3.13/site-packages/aiohttp/connector.py", line 657, in connect
    proto = await self._create_connection(req, traces, timeout)
            ^^^^^^^^^^^^^^^^^^^^^^^^^^^^^^^^^^^^^^^^^^^^^^^^^^^
  File "/home/hama/PycharmProjects/VulnRadar/.venv/lib/python3.13/site-packages/aiohttp/connector.py", line 1242, in _create_connection
    _, proto = await self._create_direct_connection(req, traces, timeout)
               ^^^^^^^^^^^^^^^^^^^^^^^^^^^^^^^^^^^^^^^^^^^^^^^^^^^^^^^^^^
  File "/home/hama/PycharmProjects/VulnRadar/.venv/lib/python3.13/site-packages/aiohttp/connector.py", line 1577, in _create_direct_connection
    raise ClientConnectorDNSError(req.connection_key, exc) from exc
aiohttp.client_exceptions.ClientConnectorDNSError: Cannot connect to host www.cisa.gov:443 ssl:default [Temporary failure in name resolution]
2026-07-02 22:20:09 | INFO     | kev_fetcher | Downloading KEV catalog from https://www.cisa.gov/sites/default/files/feeds/known_exploited_vulnerabilities.json ...
2026-07-02 22:20:24 | INFO     | kev_fetcher | Loaded 1631 KEV entries from CISA catalog.
2026-07-02 22:20:57 | INFO     | kev_fetcher | Downloading KEV catalog from https://www.cisa.gov/sites/default/files/feeds/known_exploited_vulnerabilities.json ...
2026-07-02 22:21:03 | INFO     | kev_fetcher | Loaded 1631 KEV entries from CISA catalog.
2026-07-02 22:54:13 | INFO     | kev_fetcher | Downloading KEV catalog from https://www.cisa.gov/sites/default/files/feeds/known_exploited_vulnerabilities.json ...
2026-07-02 22:54:13 | INFO     | kev_fetcher | Loaded 1631 KEV entries from CISA catalog.
2026-07-03 01:13:59 | INFO     | kev_fetcher | Downloading KEV catalog from https://www.cisa.gov/sites/default/files/feeds/known_exploited_vulnerabilities.json ...
2026-07-03 01:14:00 | INFO     | kev_fetcher | Loaded 1631 KEV entries from CISA catalog.
2026-07-03 01:38:28 | INFO     | kev_fetcher | Downloading KEV catalog from https://www.cisa.gov/sites/default/files/feeds/known_exploited_vulnerabilities.json ...
2026-07-03 01:38:28 | INFO     | kev_fetcher | Loaded 1631 KEV entries from CISA catalog.
2026-07-03 02:26:37 | INFO     | kev_fetcher | Downloading KEV catalog from https://www.cisa.gov/sites/default/files/feeds/known_exploited_vulnerabilities.json ...
2026-07-03 02:26:37 | INFO     | kev_fetcher | Loaded 1631 KEV entries from CISA catalog.
2026-07-03 16:40:43 | INFO     | kev_fetcher | Downloading KEV catalog from https://www.cisa.gov/sites/default/files/feeds/known_exploited_vulnerabilities.json ...
2026-07-03 16:40:43 | INFO     | kev_fetcher | Loaded 1631 KEV entries from CISA catalog.
2026-07-03 20:56:13 | INFO     | kev_fetcher | Downloading KEV catalog from https://www.cisa.gov/sites/default/files/feeds/known_exploited_vulnerabilities.json ...
2026-07-03 20:56:13 | INFO     | kev_fetcher | Loaded 1631 KEV entries from CISA catalog.
2026-07-03 21:18:35 | INFO     | kev_fetcher | Downloading KEV catalog from https://www.cisa.gov/sites/default/files/feeds/known_exploited_vulnerabilities.json ...
2026-07-03 21:18:35 | INFO     | kev_fetcher | Loaded 1631 KEV entries from CISA catalog.
2026-07-07 14:09:05 | INFO     | kev_fetcher | Downloading KEV catalog from https://www.cisa.gov/sites/default/files/feeds/known_exploited_vulnerabilities.json ...
2026-07-07 14:09:06 | INFO     | kev_fetcher | Loaded 1631 KEV entries from CISA catalog.
2026-07-07 14:18:02 | INFO     | kev_fetcher | Downloading KEV catalog from https://www.cisa.gov/sites/default/files/feeds/known_exploited_vulnerabilities.json ...
2026-07-07 14:18:03 | INFO     | kev_fetcher | Loaded 1631 KEV entries from CISA catalog.
2026-07-08 06:21:14 | INFO     | kev_fetcher | Downloading KEV catalog from https://www.cisa.gov/sites/default/files/feeds/known_exploited_vulnerabilities.json ...
2026-07-08 06:21:15 | INFO     | kev_fetcher | Loaded 1635 KEV entries from CISA catalog.
2026-07-08 07:29:09 | INFO     | kev_fetcher | Downloading KEV catalog from https://www.cisa.gov/sites/default/files/feeds/known_exploited_vulnerabilities.json ...
2026-07-08 07:29:09 | INFO     | kev_fetcher | Loaded 1635 KEV entries from CISA catalog.
2026-07-08 07:33:01 | INFO     | kev_fetcher | Downloading KEV catalog from https://www.cisa.gov/sites/default/files/feeds/known_exploited_vulnerabilities.json ...
2026-07-08 07:33:01 | INFO     | kev_fetcher | Loaded 1635 KEV entries from CISA catalog.
2026-07-08 07:40:57 | INFO     | kev_fetcher | Downloading KEV catalog from https://www.cisa.gov/sites/default/files/feeds/known_exploited_vulnerabilities.json ...
2026-07-08 07:40:58 | INFO     | kev_fetcher | Loaded 1635 KEV entries from CISA catalog.
